08/03/2015 14:22:24	This log contains information about the import schema operation into project 'ProjectPalDB' on computer 'HANSOLO' by user 'Neil'.
08/03/2015 14:22:25	Import of database schema has started.
08/03/2015 14:22:40	Gathering database options
08/03/2015 14:22:40	Gathering users
08/03/2015 14:22:40	Gathering roles
08/03/2015 14:22:40	Gathering application roles
08/03/2015 14:22:40	Gathering role memberships
08/03/2015 14:22:40	Gathering filegroups
08/03/2015 14:22:40	Gathering full-text catalogs
08/03/2015 14:22:40	Gathering assemblies
08/03/2015 14:22:40	Gathering certificates
08/03/2015 14:22:40	Gathering asymmetric keys
08/03/2015 14:22:40	Gathering symmetric keys
08/03/2015 14:22:40	Gathering encrypted symmetric keys
08/03/2015 14:22:40	Gathering schemas
08/03/2015 14:22:40	Gathering XML schema collections
08/03/2015 14:22:40	Gathering user-defined data types
08/03/2015 14:22:40	Gathering user-defined types
08/03/2015 14:22:40	Gathering table types
08/03/2015 14:22:40	Gathering unique keys for table types
08/03/2015 14:22:40	Gathering primary keys for table types
08/03/2015 14:22:40	Gathering check constraints for table types
08/03/2015 14:22:40	Gathering default constraints for table types
08/03/2015 14:22:40	Gathering partition functions
08/03/2015 14:22:40	Gathering partition schemes
08/03/2015 14:22:40	Gathering functions
08/03/2015 14:22:40	Gathering encrypted functions
08/03/2015 14:22:40	Gathering aggregates
08/03/2015 14:22:40	Gathering procedures
08/03/2015 14:22:42	Gathering encrypted procedures
08/03/2015 14:22:42	Gathering tables
08/03/2015 14:22:42	Gathering primary keys
08/03/2015 14:22:42	Gathering unique constraints
08/03/2015 14:22:42	Gathering foreign keys
08/03/2015 14:22:42	Gathering default constraints
08/03/2015 14:22:42	Gathering check constraints
08/03/2015 14:22:42	Gathering views
08/03/2015 14:22:42	Gathering encrypted views
08/03/2015 14:22:42	Gathering indexes
08/03/2015 14:22:42	Gathering statistics
08/03/2015 14:22:42	Gathering full-text index stoplists
08/03/2015 14:22:42	Gathering search property lists
08/03/2015 14:22:42	Gathering search properties
08/03/2015 14:22:42	Gathering full-text indexes
08/03/2015 14:22:42	Gathering column store indexes
08/03/2015 14:22:42	Gathering spatial indexes
08/03/2015 14:22:42	Gathering XML indexes
08/03/2015 14:22:42	Gathering Selective XML indexes
08/03/2015 14:22:42	Gathering encrypted triggers
08/03/2015 14:22:42	Gathering triggers
08/03/2015 14:22:42	Gathering encrypted and clr ddl triggers
08/03/2015 14:22:42	Gathering ddl triggers
08/03/2015 14:22:42	Gathering synonyms
08/03/2015 14:22:42	Gathering defaults
08/03/2015 14:22:42	Gathering data constraint uddt bindings
08/03/2015 14:22:42	Gathering rules
08/03/2015 14:22:42	Gathering data constraint uddt bindings
08/03/2015 14:22:42	Gathering message types
08/03/2015 14:22:42	Gathering queues
08/03/2015 14:22:42	Gathering contracts
08/03/2015 14:22:42	Gathering services
08/03/2015 14:22:43	Gathering event notifications
08/03/2015 14:22:43	Gathering remote service bindings
08/03/2015 14:22:43	Gathering broker priorities
08/03/2015 14:22:43	Gathering signatures
08/03/2015 14:22:43	Gathering data compression options
08/03/2015 14:22:43	Gathering sequence types
08/03/2015 14:22:43	Gathering database permissions
08/03/2015 14:22:43	Gathering extended properties
08/03/2015 14:22:43	Gathering credentials
08/03/2015 14:22:43	Gathering logins
08/03/2015 14:22:43	Gathering server audits
08/03/2015 14:22:45	Scanning project for duplicate elements
08/03/2015 14:22:45	Finished duplicate element processing
08/03/2015 14:22:50	Finished importing database.
08/03/2015 14:22:50	A summary of the import was saved to the following location: E:\Users\Neil\Documents\dev\trunk\Apps\ProjectPalDB\ProjectPalDB\Import Schema Logs\ProjectPalDB_20150308022224.log
08/03/2015 14:22:50	Click Finish to continue...
