C:\USERS\NEIL\DOCUMENTS\DEV\TRUNK\LIBS\SECURITY\SECURITY\RELEASE\SECURITY.DLL
C:\USERS\NEIL\DOCUMENTS\DEV\TRUNK\LIBS\SECURITY\SECURITY\RELEASE\SECURITY.PDB
C:\USERS\NEIL\DOCUMENTS\DEV\TRUNK\LIBS\SECURITY\SECURITY\SECURITY\RELEASE\.NETFRAMEWORK,VERSION=V4.0.ASSEMBLYATTRIBUTES.OBJ
C:\USERS\NEIL\DOCUMENTS\DEV\TRUNK\LIBS\SECURITY\SECURITY\SECURITY\RELEASE\APP.RES
C:\USERS\NEIL\DOCUMENTS\DEV\TRUNK\LIBS\SECURITY\SECURITY\SECURITY\RELEASE\ASSEMBLYINFO.OBJ
C:\Users\Neil\Documents\dev\trunk\Libs\Security\Security\Security\Release\cl.command.1.tlog
C:\Users\Neil\Documents\dev\trunk\Libs\Security\Security\Security\Release\CL.read.1.tlog
C:\Users\Neil\Documents\dev\trunk\Libs\Security\Security\Security\Release\CL.write.1.tlog
C:\Users\Neil\Documents\dev\trunk\Libs\Security\Security\Security\Release\link.command.1.tlog
C:\Users\Neil\Documents\dev\trunk\Libs\Security\Security\Security\Release\link.read.1.tlog
C:\Users\Neil\Documents\dev\trunk\Libs\Security\Security\Security\Release\link.write.1.tlog
C:\Users\Neil\Documents\dev\trunk\Libs\Security\Security\Security\Release\link-cvtres.read.1.tlog
C:\Users\Neil\Documents\dev\trunk\Libs\Security\Security\Security\Release\link-cvtres.write.1.tlog
C:\Users\Neil\Documents\dev\trunk\Libs\Security\Security\Security\Release\metagen.read.1.tlog
C:\Users\Neil\Documents\dev\trunk\Libs\Security\Security\Security\Release\metagen.write.1.tlog
C:\Users\Neil\Documents\dev\trunk\Libs\Security\Security\Security\Release\mt.command.1.tlog
C:\Users\Neil\Documents\dev\trunk\Libs\Security\Security\Security\Release\mt.read.1.tlog
C:\Users\Neil\Documents\dev\trunk\Libs\Security\Security\Security\Release\mt.write.1.tlog
C:\Users\Neil\Documents\dev\trunk\Libs\Security\Security\Security\Release\rc.command.1.tlog
C:\Users\Neil\Documents\dev\trunk\Libs\Security\Security\Security\Release\rc.read.1.tlog
C:\Users\Neil\Documents\dev\trunk\Libs\Security\Security\Security\Release\rc.write.1.tlog
C:\USERS\NEIL\DOCUMENTS\DEV\TRUNK\LIBS\SECURITY\SECURITY\SECURITY\RELEASE\SECURITY.DLL.INTERMEDIATE.MANIFEST
C:\USERS\NEIL\DOCUMENTS\DEV\TRUNK\LIBS\SECURITY\SECURITY\SECURITY\RELEASE\SECURITY.OBJ
C:\USERS\NEIL\DOCUMENTS\DEV\TRUNK\LIBS\SECURITY\SECURITY\SECURITY\RELEASE\SECURITY.PCH
C:\Users\Neil\Documents\dev\trunk\Libs\Security\Security\Security\Release\Security.vcxprojResolveAssemblyReference.cache
C:\Users\Neil\Documents\dev\trunk\Libs\Security\Security\Security\Release\Security.write.1.tlog
C:\USERS\NEIL\DOCUMENTS\DEV\TRUNK\LIBS\SECURITY\SECURITY\SECURITY\RELEASE\SECURITYINTERNAL.OBJ
C:\USERS\NEIL\DOCUMENTS\DEV\TRUNK\LIBS\SECURITY\SECURITY\SECURITY\RELEASE\STDAFX.OBJ
C:\Users\Neil\Documents\dev\trunk\Libs\Security\Security\Security\Release\TZRES.DLL.bi
C:\USERS\NEIL\DOCUMENTS\DEV\TRUNK\LIBS\SECURITY\SECURITY\SECURITY\RELEASE\VC100.PDB
