C:\USERS\NEIL\DOCUMENTS\DEV\TRUNK\LIBS\SECURITY\SECURITY\DEBUG\SECURITY.DLL
C:\USERS\NEIL\DOCUMENTS\DEV\TRUNK\LIBS\SECURITY\SECURITY\DEBUG\SECURITY.ILK
C:\USERS\NEIL\DOCUMENTS\DEV\TRUNK\LIBS\SECURITY\SECURITY\DEBUG\SECURITY.PDB
C:\USERS\NEIL\DOCUMENTS\DEV\TRUNK\LIBS\SECURITY\SECURITY\SECURITY\DEBUG\.NETFRAMEWORK,VERSION=V4.0.ASSEMBLYATTRIBUTES.OBJ
C:\USERS\NEIL\DOCUMENTS\DEV\TRUNK\LIBS\SECURITY\SECURITY\SECURITY\DEBUG\APP.RES
C:\USERS\NEIL\DOCUMENTS\DEV\TRUNK\LIBS\SECURITY\SECURITY\SECURITY\DEBUG\ASSEMBLYINFO.OBJ
C:\Users\Neil\Documents\dev\trunk\Libs\Security\Security\Security\Debug\cl.command.1.tlog
C:\Users\Neil\Documents\dev\trunk\Libs\Security\Security\Security\Debug\CL.read.1.tlog
C:\Users\Neil\Documents\dev\trunk\Libs\Security\Security\Security\Debug\CL.write.1.tlog
C:\Users\Neil\Documents\dev\trunk\Libs\Security\Security\Security\Debug\link.8900.read.1.tlog
C:\Users\Neil\Documents\dev\trunk\Libs\Security\Security\Security\Debug\link.8900.write.1.tlog
C:\Users\Neil\Documents\dev\trunk\Libs\Security\Security\Security\Debug\link.8900-cvtres.read.1.tlog
C:\Users\Neil\Documents\dev\trunk\Libs\Security\Security\Security\Debug\link.8900-cvtres.write.1.tlog
C:\Users\Neil\Documents\dev\trunk\Libs\Security\Security\Security\Debug\link.command.1.tlog
C:\Users\Neil\Documents\dev\trunk\Libs\Security\Security\Security\Debug\link.read.1.tlog
C:\Users\Neil\Documents\dev\trunk\Libs\Security\Security\Security\Debug\link.write.1.tlog
C:\Users\Neil\Documents\dev\trunk\Libs\Security\Security\Security\Debug\metagen.read.1.tlog
C:\Users\Neil\Documents\dev\trunk\Libs\Security\Security\Security\Debug\metagen.write.1.tlog
C:\Users\Neil\Documents\dev\trunk\Libs\Security\Security\Security\Debug\mt.command.1.tlog
C:\Users\Neil\Documents\dev\trunk\Libs\Security\Security\Security\Debug\mt.read.1.tlog
C:\Users\Neil\Documents\dev\trunk\Libs\Security\Security\Security\Debug\mt.write.1.tlog
C:\Users\Neil\Documents\dev\trunk\Libs\Security\Security\Security\Debug\rc.command.1.tlog
C:\Users\Neil\Documents\dev\trunk\Libs\Security\Security\Security\Debug\rc.read.1.tlog
C:\Users\Neil\Documents\dev\trunk\Libs\Security\Security\Security\Debug\rc.write.1.tlog
C:\USERS\NEIL\DOCUMENTS\DEV\TRUNK\LIBS\SECURITY\SECURITY\SECURITY\DEBUG\SECURITY.DLL.INTERMEDIATE.MANIFEST
C:\USERS\NEIL\DOCUMENTS\DEV\TRUNK\LIBS\SECURITY\SECURITY\SECURITY\DEBUG\SECURITY.OBJ
C:\USERS\NEIL\DOCUMENTS\DEV\TRUNK\LIBS\SECURITY\SECURITY\SECURITY\DEBUG\SECURITY.PCH
C:\Users\Neil\Documents\dev\trunk\Libs\Security\Security\Security\Debug\Security.write.1.tlog
C:\USERS\NEIL\DOCUMENTS\DEV\TRUNK\LIBS\SECURITY\SECURITY\SECURITY\DEBUG\SECURITYINTERNAL.OBJ
C:\USERS\NEIL\DOCUMENTS\DEV\TRUNK\LIBS\SECURITY\SECURITY\SECURITY\DEBUG\STDAFX.OBJ
C:\Users\Neil\Documents\dev\trunk\Libs\Security\Security\Security\Debug\TZRES.DLL.bi
C:\USERS\NEIL\DOCUMENTS\DEV\TRUNK\LIBS\SECURITY\SECURITY\SECURITY\DEBUG\VC100.PDB
