Build started 03/05/2013 06:58:54.
     1>Project "C:\Users\Neil\Documents\dev\trunk\Libs\Security\Security\Security\Security.vcxproj" on node 2 (build target(s)).
     1>InitializeBuildStatus:
         Creating "Debug\Security.unsuccessfulbuild" because "AlwaysCreate" was specified.
       GenerateTargetFrameworkMonikerAttribute:
       Skipping target "GenerateTargetFrameworkMonikerAttribute" because all output files are up-to-date with respect to the input files.
       ClCompile:
         All outputs are up-to-date.
         c:\Program Files (x86)\Microsoft Visual Studio 10.0\VC\bin\CL.exe /c /AI"C:\Program Files (x86)\Reference Assemblies\Microsoft\Framework\.NETFramework\v4.0" /Zi /clr /nologo /W3 /WX- /Od /Oy- /D WIN32 /D _DEBUG /D _WINDLL /D _UNICODE /D UNICODE /EHa /MDd /GS /fp:precise /Zc:wchar_t /Zc:forScope /Yu"StdAfx.h" /Fp"Debug\Security.pch" /Fo"Debug\\" /Fd"Debug\vc100.pdb" /TP /FU"C:\Program Files (x86)\Reference Assemblies\Microsoft\Framework\.NETFramework\v4.0\System.Core.dll" /FU"C:\Program Files (x86)\Reference Assemblies\Microsoft\Framework\.NETFramework\v4.0\System.Data.dll" /FU"C:\Program Files (x86)\Reference Assemblies\Microsoft\Framework\.NETFramework\v4.0\System.dll" /FU"C:\Program Files (x86)\Reference Assemblies\Microsoft\Framework\.NETFramework\v4.0\System.Xml.dll" /analyze- /errorReport:prompt SecurityInternal.cpp /clr:nostdlib 
         SecurityInternal.cpp
         All outputs are up-to-date.
       ResourceCompile:
         All outputs are up-to-date.
       Link:
         c:\Program Files (x86)\Microsoft Visual Studio 10.0\VC\bin\link.exe /ERRORREPORT:PROMPT /OUT:"C:\Users\Neil\Documents\dev\trunk\Libs\Security\Security\Debug\Security.dll" /INCREMENTAL /NOLOGO /MANIFEST /ManifestFile:"Debug\Security.dll.intermediate.manifest" /MANIFESTUAC:"level='asInvoker' uiAccess='false'" /DEBUG /PDB:"C:\Users\Neil\Documents\dev\trunk\Libs\Security\Security\Debug\Security.pdb" /ASSEMBLYDEBUG /TLBID:1 /DYNAMICBASE /FIXED:NO /NXCOMPAT /MACHINE:X86 /DLL Debug\app.res
         Debug\AssemblyInfo.obj
         Debug\Security.obj
         Debug\SecurityInternal.obj
         Debug\Stdafx.obj
         "Debug\.NETFramework,Version=v4.0.AssemblyAttributes.obj"
         Security.vcxproj -> C:\Users\Neil\Documents\dev\trunk\Libs\Security\Security\Debug\Security.dll
       Manifest:
         C:\Program Files (x86)\Microsoft SDKs\Windows\v7.0A\bin\mt.exe /nologo /verbose /outputresource:"C:\Users\Neil\Documents\dev\trunk\Libs\Security\Security\Debug\Security.dll;#2" /manifest Debug\Security.dll.intermediate.manifest
       FinalizeBuildStatus:
         Deleting file "Debug\Security.unsuccessfulbuild".
         Touching "Debug\Security.lastbuildstate".
     1>Done Building Project "C:\Users\Neil\Documents\dev\trunk\Libs\Security\Security\Security\Security.vcxproj" (build target(s)).

Build succeeded.

Time Elapsed 00:00:00.57
