e:\users\neil\documents\dev\trunk\libs\security\security\security\x64\release\security.pch
e:\users\neil\documents\dev\trunk\libs\security\security\security\x64\release\vc120.pdb
e:\users\neil\documents\dev\trunk\libs\security\security\security\x64\release\stdafx.obj
e:\users\neil\documents\dev\trunk\libs\security\security\security\x64\release\securityinternal.obj
e:\users\neil\documents\dev\trunk\libs\security\security\security\x64\release\security.obj
e:\users\neil\documents\dev\trunk\libs\security\security\security\x64\release\assemblyinfo.obj
e:\users\neil\documents\dev\trunk\libs\security\security\security\x64\release\.netframework,version=v4.0.assemblyattributes.obj
e:\users\neil\documents\dev\trunk\libs\security\security\x64\release\security.dll
e:\users\neil\documents\dev\trunk\libs\security\security\x64\release\security.pdb
e:\users\neil\documents\dev\trunk\libs\security\security\security\x64\release\app.res
c:\users\neil\source\repos\projectpal\original\libs\security\security\security\x64\release\security.vcxproj.assemblyreference.cache
c:\users\neil\source\repos\projectpal\original\libs\security\security\security\x64\release\security.vcxprojresolveassemblyreference.cache
c:\users\neil\source\repos\projectpal\original\libs\security\security\security\x64\release\.netframework,version=v4.0.assemblyattributes.obj
c:\users\neil\source\repos\projectpal\original\libs\security\security\security\x64\release\.netframework,version=v4.5.assemblyattributes.obj
c:\users\neil\source\repos\projectpal\original\libs\security\security\security\x64\release\assemblyinfo.obj
c:\users\neil\source\repos\projectpal\original\libs\security\security\security\x64\release\security.obj
c:\users\neil\source\repos\projectpal\original\libs\security\security\security\x64\release\securityinternal.obj
c:\users\neil\source\repos\projectpal\original\libs\security\security\security\x64\release\stdafx.obj
c:\users\neil\source\repos\projectpal\original\libs\security\security\security\x64\release\app.res
c:\users\neil\source\repos\projectpal\original\libs\security\security\security\x64\release\security.pch
c:\users\neil\source\repos\projectpal\original\libs\security\security\security\x64\release\vc120.pdb
c:\users\neil\source\repos\projectpal\original\libs\security\security\x64\release\security.pdb
c:\users\neil\source\repos\projectpal\original\libs\security\security\x64\release\security.dll
c:\users\neil\source\repos\projectpal\original\libs\security\security\security\x64\release\security.tlog\cl.command.1.tlog
c:\users\neil\source\repos\projectpal\original\libs\security\security\security\x64\release\security.tlog\cl.read.1.tlog
c:\users\neil\source\repos\projectpal\original\libs\security\security\security\x64\release\security.tlog\cl.write.1.tlog
c:\users\neil\source\repos\projectpal\original\libs\security\security\security\x64\release\security.tlog\link.command.1.tlog
c:\users\neil\source\repos\projectpal\original\libs\security\security\security\x64\release\security.tlog\link.read.1.tlog
c:\users\neil\source\repos\projectpal\original\libs\security\security\security\x64\release\security.tlog\link.write.1.tlog
c:\users\neil\source\repos\projectpal\original\libs\security\security\security\x64\release\security.tlog\metagen.read.1.tlog
c:\users\neil\source\repos\projectpal\original\libs\security\security\security\x64\release\security.tlog\metagen.write.1.tlog
c:\users\neil\source\repos\projectpal\original\libs\security\security\security\x64\release\security.tlog\rc.command.1.tlog
c:\users\neil\source\repos\projectpal\original\libs\security\security\security\x64\release\security.tlog\rc.read.1.tlog
c:\users\neil\source\repos\projectpal\original\libs\security\security\security\x64\release\security.tlog\rc.write.1.tlog
c:\users\neil\source\repos\projectpal\original\libs\security\security\security\x64\release\security.tlog\rsaenh.dll.bi
c:\users\neil\source\repos\projectpal\original\libs\security\security\security\x64\release\security.tlog\tzres.dll.bi
